


ARM Macro Assembler    Page 1 


    1 00000000         ;Program to add two 32bit numbers
    2 00000000         ;R1 = num1, R2 = num2, result = R1 + R2
    3 00000000         
    4 00000000                 AREA             add32bit,CODE,READONLY
    5 00000000                 ENTRY
    6 00000000         
    7 00000000         
    8 00000000 E3A01002        MOV              R1,#0X02    ; ;02 is loaded int
                                                            o R1
    9 00000004 E3A02004        MOV              R2,#0X04    ; ;04 is loaded int
                                                            o R2
   10 00000008         
   11 00000008 E0913002        ADDS             R3,R1,R2    ; :R1 and R2 is add
                                                            ed store result int
                                                            o R3
   12 0000000C         
   13 0000000C E1A00000        NOP                          ;stand for No opera
                                                            tion
   14 00000010         
   15 00000010 EAFFFFFE 
                       STOP    B                STOP        ;goto branch loop
   16 00000014         
   17 00000014                 END
Command Line: --debug --xref --diag_suppress=9931 --apcs=interwork --depend=.\o
bjects\add32bit.d -o.\objects\add32bit.o -IC:\Keil_v5\ARM\RV31\INC -IC:\Keil_v5
\ARM\CMSIS\Include -IC:\Keil_v5\ARM\Inc\Philips --predefine="__EVAL SETA 1" --p
redefine="__UVISION_VERSION SETA 520" --list=.\listings\add32bit.lst add32bit.a
sm



ARM Macro Assembler    Page 1 Alphabetic symbol ordering
Relocatable symbols

STOP 00000010

Symbol: STOP
   Definitions
      At line 15 in file add32bit.asm
   Uses
      At line 15 in file add32bit.asm
Comment: STOP used once
add32bit 00000000

Symbol: add32bit
   Definitions
      At line 4 in file add32bit.asm
   Uses
      None
Comment: add32bit unused
2 symbols
334 symbols in table
