Component: ARM Compiler 5.06 update 2 (build 183) Tool: armlink [4d35b7]

==============================================================================

Section Cross References

    add64bit.o(add64bit) refers to add64bit.o(DATA1) for NUM1L


==============================================================================

Image Symbol Table

    Local Symbols

    Symbol Name                              Value     Ov Type        Size  Object(Section)

    add64bit                                 0x00000000   Section       96  add64bit.o(add64bit)
    add64bit.s                               0x00000000   Number         0  add64bit.o ABSOLUTE
    DATA1                                    0x00008000   Section       24  add64bit.o(DATA1)
    RESULT1L                                 0x00008000   Data           4  add64bit.o(DATA1)
    RESULT1U                                 0x00008004   Data           4  add64bit.o(DATA1)
    NUM1L                                    0x00008008   Data           4  add64bit.o(DATA1)
    NUM1U                                    0x0000800c   Data           4  add64bit.o(DATA1)
    NUM2L                                    0x00008010   Data           4  add64bit.o(DATA1)
    NUM2U                                    0x00008014   Data           4  add64bit.o(DATA1)

    Global Symbols

    Symbol Name                              Value     Ov Type        Size  Object(Section)

    BuildAttributes$$THM_ISAv1$ARM_ISAv4$S$PE$A:L22$X:L11$S22$IEEE1$IW$USESV6$~STKCKD$USESV7$~SHL$OSPACE$EBA8$STANDARDLIB$PRES8$EABIv2 0x00000000   Number         0  anon$$obj.o ABSOLUTE



==============================================================================

Memory Map of the image

  Image Entry point : 0x00000000

  Load Region LR_1 (Base: 0x00000000, Size: 0x00000078, Max: 0xffffffff, ABSOLUTE)

    Execution Region ER_RO (Base: 0x00000000, Size: 0x00000060, Max: 0xffffffff, ABSOLUTE)

    Base Addr    Size         Type   Attr      Idx    E Section Name        Object

    0x00000000   0x00000060   Code   RO            1  * add64bit            add64bit.o


    Execution Region ER_RW (Base: 0x00008000, Size: 0x00000018, Max: 0xffffffff, ABSOLUTE)

    Base Addr    Size         Type   Attr      Idx    E Section Name        Object

    0x00008000   0x00000018   Data   RW            2    DATA1               add64bit.o


    Execution Region ER_ZI (Base: 0x00008018, Size: 0x00000000, Max: 0xffffffff, ABSOLUTE)

    **** No section assigned to this execution region ****


==============================================================================

Image component sizes


      Code (inc. data)   RO Data    RW Data    ZI Data      Debug   Object Name

        96         24          0         24          0        252   add64bit.o

    ----------------------------------------------------------------------
        96         24          0         24          0        252   Object Totals
         0          0          0          0          0          0   (incl. Generated)
         0          0          0          0          0          0   (incl. Padding)

    ----------------------------------------------------------------------
         0          0          0          0          0          0   Library Totals
         0          0          0          0          0          0   (incl. Padding)

    ----------------------------------------------------------------------

==============================================================================


      Code (inc. data)   RO Data    RW Data    ZI Data      Debug   

        96         24          0         24          0        252   Grand Totals
        96         24          0         24          0        252   ELF Image Totals
        96         24          0         24          0          0   ROM Totals

==============================================================================

    Total RO  Size (Code + RO Data)                   96 (   0.09kB)
    Total RW  Size (RW Data + ZI Data)                24 (   0.02kB)
    Total ROM Size (Code + RO Data + RW Data)        120 (   0.12kB)

==============================================================================

