


ARM Macro Assembler    Page 1 


    1 00000000         ;Program to add two 32bit numbers
    2 00000000         ;R1 = num1, R2 = num2, result = R1 + R2
    3 00000000         
    4 00000000                 AREA             SUB32BIT,CODE,READONLY
    5 00000000                 ENTRY
    6 00000000         
    7 00000000         
    8 00000000 E3A01009        MOV              R1,#0X9     ; 02 is loaded into
                                                             R1
    9 00000004 E3A02C05        MOV              R2,#0X500   ; 04 is loaded into
                                                             R2
   10 00000008         
   11 00000008 E0513002        SUBS             R3,R1,R2    ; R1 and R2 is adde
                                                            d store result into
                                                             R3
   12 0000000C         
   13 0000000C E1A00000        NOP                          ;stand for No opera
                                                            tion
   14 00000010         
   15 00000010 EAFFFFFE 
                       STOP    B                STOP        ;goto branch loop
   16 00000014         
   17 00000014                 END
Command Line: --debug --xref --diag_suppress=9931 --apcs=interwork --depend=.\o
bjects\sub32bit.d -o.\objects\sub32bit.o -IC:\Keil_v5\ARM\RV31\INC -IC:\Keil_v5
\ARM\CMSIS\Include -IC:\Keil_v5\ARM\Inc\Philips --predefine="__EVAL SETA 1" --p
redefine="__UVISION_VERSION SETA 520" --list=.\listings\sub32bit.lst SUB32BIT.a
sm



ARM Macro Assembler    Page 1 Alphabetic symbol ordering
Relocatable symbols

STOP 00000010

Symbol: STOP
   Definitions
      At line 15 in file SUB32BIT.asm
   Uses
      At line 15 in file SUB32BIT.asm
Comment: STOP used once
SUB32BIT 00000000

Symbol: SUB32BIT
   Definitions
      At line 4 in file SUB32BIT.asm
   Uses
      None
Comment: SUB32BIT unused
2 symbols
334 symbols in table
